// Jest Snapshot v1, https://goo.gl/fbAQLP

exports[`<LogoutPage /> renders ok 1`] = `null`;
