// Jest Snapshot v1, https://goo.gl/fbAQLP

exports[`<AppHeader /> renders ok 1`] = `
<nav
  className="navbar navbar-expand-lg navbar-light bg-light"
>
  <div
    className="container"
  >
    <a
      className="navbar-brand"
      href="/"
      onClick={[Function]}
    >
      Brastlewark village
    </a>
    <button
      aria-controls="basic-navbar-nav"
      aria-label="Toggle navigation"
      className="navbar-toggler collapsed"
      onClick={[Function]}
      type="button"
    >
      <span
        className="navbar-toggler-icon"
      />
    </button>
    <div
      aria-expanded={null}
      className="navbar-collapse collapse"
      id="basic-navbar-nav"
    >
      <div
        className="navbar-nav"
        onKeyDown={[Function]}
      >
         
        <a
          className="nav-link"
          data-rb-event-key={null}
          disabled={false}
          href="/about"
          onClick={[Function]}
        >
          About
        </a>
      </div>
    </div>
    <div
      aria-expanded={null}
      className="justify-content-end navbar-collapse collapse"
      id="basic-navbar-nav"
    >
      <div
        className="navbar-nav"
        onKeyDown={[Function]}
      >
        <a
          className="nav-link"
          data-rb-event-key={null}
          href="#"
          onClick={[Function]}
          onKeyDown={[Function]}
          role="button"
        >
          Register
        </a>
        <a
          className="nav-link"
          data-rb-event-key={null}
          href="#"
          onClick={[Function]}
          onKeyDown={[Function]}
          role="button"
        >
          Login
        </a>
        <div />
         
         
      </div>
    </div>
  </div>
</nav>
`;
