// Jest Snapshot v1, https://goo.gl/fbAQLP

exports[`<PageLayout /> renders ok 1`] = `
Array [
  <h2
    className="my-3 display-4"
  >
    header
  </h2>,
  <hr />,
  <div />,
]
`;
