// Jest Snapshot v1, https://goo.gl/fbAQLP

exports[`<MyProfilePage /> renders ok 1`] = `null`;
