// Jest Snapshot v1, https://goo.gl/fbAQLP

exports[`<RegisterPage /> renders ok 1`] = `null`;
