// Jest Snapshot v1, https://goo.gl/fbAQLP

exports[`<UnRegisterPage /> renders ok 1`] = `null`;
