// Jest Snapshot v1, https://goo.gl/fbAQLP

exports[`<AboutPage /> renders ok 1`] = `
Array [
  <h2
    className="my-3 display-4"
  >
    About Brastlewark village application
  </h2>,
  <hr />,
  <div>
    <h3
      className="display-5"
    >
      Introduction
    </h3>
    <p>
      <a
        href="/frontend_assessment.pdf"
        rel="noopener noreferrer"
        target="_blank"
      >
        Front end assessment
         
      </a>
      developed in React.js
       
    </p>
    <h3
      className="display-5"
    >
      Get started
    </h3>
    <p>
      See readme:
      <a
        className="mx-2"
        href="https://github.com/jlriom/gnome-village"
        rel="noopener noreferrer"
        target="_blank"
      >
        https://github.com/jlriom/gnome-village
      </a>
    </p>
    <h3
      className="display-5"
    >
      Features
    </h3>
    <ul>
      <li>
        Unauthenticated users can:
      </li>
      <ul>
        <li>
          See Home and About pages
        </li>
        <li>
          Register his/her profile
        </li>
      </ul>
      <li>
        'Guest' authenticated user can:
      </li>
      <ul>
        <li>
          See the Dashboard that contains a summary of demographics of the habitants of the village
        </li>
        <li>
          Search for habitants given a criteria
        </li>
      </ul>
      <li>
        Registered authenticated user can:
      </li>
      <ul>
        <li>
          See the Dashboard that contains a summary of demographics of the habitants of the village
        </li>
        <li>
          Search for habitants given a criteria
        </li>
        <li>
          Update his profile
        </li>
        <li>
          Unregister from the application
        </li>
        <li>
          See a list of his/her friends
        </li>
        <li>
          Link a friend
        </li>
        <li>
          Unlink a friend
        </li>
      </ul>
    </ul>
    <h3>
      Important note
    </h3>
    <ul>
      <li>
        The main goal is to practice the programming React.js framework.
      </li>
      <li>
        This is not a secure web application.
      </li>
      <li>
        A secure web application requires to protect Back end API. But this is out of the scope of the assessment.
      </li>
      <li>
        Login/Logout features are provided to show some functionalities based on registered vs anonymous users.
      </li>
    </ul>
    <div
      className="my-3"
    >
      Â 
    </div>
  </div>,
]
`;
