// Jest Snapshot v1, https://goo.gl/fbAQLP

exports[`<HabitantDetailsEdit /> renders ok 1`] = `null`;
