// Jest Snapshot v1, https://goo.gl/fbAQLP

exports[`<HabitantItem /> renders ok 1`] = `
<span
  className="d-inline-block m-4 full-width"
>
  <div
    className="full-width media"
  >
    <div
      className="lazyload-placeholder"
      style={
        Object {
          "height": undefined,
        }
      }
    />
    <div
      className="full-width media-body"
    >
      <h5
        className="d-flex justify-content-between"
      >
        <span>
          Cogwitz Bittergrill
        </span>
         
      </h5>
      <hr />
      <div
        className="container"
      >
        <small>
          <div
            className="row"
          >
            <div
              className="col-lg-4"
            >
              <dl
                className="row full-width"
              >
                <dt
                  className="col-sm-6"
                >
                   
                  Age:
                </dt>
                <dd
                  className="col-sm-6"
                >
                   
                  127
                </dd>
                <dt
                  className="col-sm-6"
                >
                   
                  Hair Color:
                </dt>
                <dd
                  className="col-sm-6"
                >
                   
                  Black
                </dd>
                <dt
                  className="col-sm-6"
                >
                   
                  Weight:
                </dt>
                <dd
                  className="col-sm-6"
                >
                   
                  40.075
                </dd>
                <dt
                  className="col-sm-6"
                >
                   
                  Height:
                </dt>
                <dd
                  className="col-sm-6"
                >
                   
                  93.663
                </dd>
              </dl>
            </div>
            <div
              className="col-lg-4"
            >
              <div
                className="row full-width"
              >
                <b>
                  Professions: 
                </b>
                 
                <span>
                  Prospector
                  , 
                </span>
                <span>
                   Tinker
                  , 
                </span>
                <span>
                  Baker
                  , 
                </span>
                <span>
                  Tailor
                  , 
                </span>
                <span>
                  Leatherworker
                  , 
                </span>
                <span>
                  Sculptor
                  
                </span>
              </div>
            </div>
            <div
              className="col-lg-4"
            >
              <div
                className="row full-width"
              >
                <b>
                  Friends: 
                </b>
                  
                <span>
                  <a
                    href="/brastlewark/Whitwright Fussbuster"
                    onClick={[Function]}
                  >
                    Whitwright Fussbuster
                  </a>
                  , 
                </span>
                <span>
                  <a
                    href="/brastlewark/Fizwood Bitterrocket"
                    onClick={[Function]}
                  >
                    Fizwood Bitterrocket
                  </a>
                  , 
                </span>
                <span>
                  <a
                    href="/brastlewark/Fizwood Felpower"
                    onClick={[Function]}
                  >
                    Fizwood Felpower
                  </a>
                  
                </span>
              </div>
            </div>
          </div>
        </small>
      </div>
    </div>
  </div>
</span>
`;
