// Jest Snapshot v1, https://goo.gl/fbAQLP

exports[`<If /> renders ok 1`] = `" "`;
