// Jest Snapshot v1, https://goo.gl/fbAQLP

exports[`<LoginLinkPopup /> renders ok 1`] = `
Array [
  <a
    className="nav-link"
    href="#"
    onClick={[Function]}
    onKeyDown={[Function]}
    role="button"
  >
    Login
  </a>,
  <div />,
]
`;
