// Jest Snapshot v1, https://goo.gl/fbAQLP

exports[`<RegisterLinkPopup /> renders ok 1`] = `
<a
  className="nav-link"
  href="#"
  onClick={[Function]}
  onKeyDown={[Function]}
  role="button"
>
  Register
</a>
`;
