// Jest Snapshot v1, https://goo.gl/fbAQLP

exports[`<SessionDropdown /> renders ok 1`] = `
<div
  className="dropdown nav-item"
  onKeyDown={[Function]}
>
  <a
    aria-expanded={false}
    aria-haspopup={true}
    className="dropdown-toggle nav-link"
    href="#"
    id="basic-nav-dropdown"
    onClick={[Function]}
    onKeyDown={[Function]}
    role="button"
  >
    username
  </a>
</div>
`;
